// Vitest Snapshot v1

exports[`LocationSelector > renders snapshot 1`] = `
<div>
  TODO
</div>
`;

exports[`LocationSelector renders snapshot 1`] = `
<div>
  TODO
</div>
`;
