// Jest Snapshot v1, https://goo.gl/fbAQLP

exports[`Offer renders snapshot 1`] = `
<li
  class="w-full pt-3 sm:pt-4"
>
  <div
    class="flex w-full items-baseline"
  >
    <h4
      class="grow text-xl leading-tight text-neutral-800"
    >
      Gyros
    </h4>
    <span
      class="shrink-0 pl-2 text-xl leading-tight text-neutral-800"
    >
      <small
        class="pl-2 text-lg font-light text-neutral-800"
      >
         â‚¬ 
      </small>
       3,50
    </span>
  </div>
  <span
    class="pt-px pl-px font-light leading-snug text-neutral-600 sm:block hidden"
  >
    mit Pommes
  </span>
  <div
    class="pt-1 sm:flex hidden"
  >
    
    <badge-stub
      color="bg-accent-200"
      label="Tagesgericht"
    />
    <badge-stub
      color="bg-accent-200"
      label="lecker"
    />
    
  </div>
</li>
`;
