// Vitest Snapshot v1

exports[`Nav > renders snapshot 1`] = `
<nav
  aria-label="Haupt"
  class="flex items-center justify-center sm:h-16"
>
  <ul
    class="list-none"
  >
    
    <li>
      <a
        href="/"
      >
        link1
      </a>
    </li>
     
    <li>
      <a
        href="/"
      >
        link2
      </a>
    </li>
    
  </ul>
</nav>
`;
