// Vitest Snapshot v1

exports[`About > renders snapshot 1`] = `
<div
  class="sm:p-4"
>
  <h1
    class="flex items-center justify-center px-4 text-2xl text-neutral-800 sm:h-16 sm:justify-start"
  >
    Info
  </h1>
  <address>
    <a
      href="https://github.com/data-experts/Lunchbox"
    >
      Github
    </a>
  </address>
</div>
`;
