// Vitest Snapshot v1

exports[`Layout renders snapshot 1`] = `
<div
  class="flex flex-col w-full max-w-4md min-h-screen font-sans antialiased relative"
>
  <header-stub />
  <content-stub
    class="grow"
  />
</div>
`;
