// Vitest Snapshot v1

exports[`ContentLoading > renders snapshot 1`] = `
<h1>
  Loading
</h1>
`;

exports[`ContentLoading renders snapshot 1`] = `
<h1>
  Loading
</h1>
`;
