// Vitest Snapshot v1

exports[`ContentError > renders snapshot 1`] = `
<h1>
  Error
</h1>
`;

exports[`ContentError renders snapshot 1`] = `
<h1>
  Error
</h1>
`;
